mdulatov@otus:~/test_vm/zfs$ vagrant ssh
[vagrant@zfs ~]$ ip a
1: lo: <LOOPBACK,UP,LOWER_UP> mtu 65536 qdisc noqueue state UNKNOWN group default qlen 1000
    link/loopback 00:00:00:00:00:00 brd 00:00:00:00:00:00
    inet 127.0.0.1/8 scope host lo
       valid_lft forever preferred_lft forever
    inet6 ::1/128 scope host
       valid_lft forever preferred_lft forever
2: eth0: <BROADCAST,MULTICAST,UP,LOWER_UP> mtu 1500 qdisc pfifo_fast state UP group default qlen 1000
    link/ether 52:54:00:4d:77:d3 brd ff:ff:ff:ff:ff:ff
    inet 10.0.2.15/24 brd 10.0.2.255 scope global noprefixroute dynamic eth0
       valid_lft 86042sec preferred_lft 86042sec
    inet6 fe80::5054:ff:fe4d:77d3/64 scope link
       valid_lft forever preferred_lft forever
[vagrant@zfs ~]$ lsblk
NAME   MAJ:MIN RM  SIZE RO TYPE MOUNTPOINT
sda      8:0    0   40G  0 disk
└─sda1   8:1    0   40G  0 part /
sdb      8:16   0  512M  0 disk
sdc      8:32   0  512M  0 disk
sdd      8:48   0  512M  0 disk
sde      8:64   0  512M  0 disk
sdf      8:80   0  512M  0 disk
sdg      8:96   0  512M  0 disk
sdh      8:112  0  512M  0 disk
sdi      8:128  0  512M  0 disk
[vagrant@zfs ~]$ sudo -i
[root@zfs ~]# zpool create otus1 mirror /dev/sdb /dev/sdc
[root@zfs ~]# zpool create otus2 mirror /dev/sdd /dev/sde
[root@zfs ~]# zpool create otus3 mirror /dev/sdf /dev/sdg
[root@zfs ~]# zpool create otus4 mirror /dev/sdh /dev/sdi
[root@zfs ~]# zpool list
NAME    SIZE  ALLOC   FREE  CKPOINT  EXPANDSZ   FRAG    CAP  DEDUP    HEALTH  ALTROOT
otus1   480M  91.5K   480M        -         -     0%     0%  1.00x    ONLINE  -
otus2   480M  91.5K   480M        -         -     0%     0%  1.00x    ONLINE  -
otus3   480M  91.5K   480M        -         -     0%     0%  1.00x    ONLINE  -
otus4   480M  91.5K   480M        -         -     0%     0%  1.00x    ONLINE  -
[root@zfs ~]# zfs set compression=lzjb otus1
[root@zfs ~]# zfs set compression=lz4 otus2
[root@zfs ~]# zfs set compression=gzip-9 otus3
[root@zfs ~]# zfs set compression=zle otus4
[root@zfs ~]# zfs get all | grep compression
otus1  compression           lzjb                   local
otus2  compression           lz4                    local
otus3  compression           gzip-9                 local
otus4  compression           zle                    local
[root@zfs ~]# for i in {1..4}; do wget -P /otus$i https://gutenberg.org/cache/epub/2600/pg2600.converter.log; done
--2023-02-08 11:24:01--  https://gutenberg.org/cache/epub/2600/pg2600.converter.log
Resolving gutenberg.org (gutenberg.org)... 152.19.134.47, 2610:28:3090:3000:0:bad:cafe:47
Connecting to gutenberg.org (gutenberg.org)|152.19.134.47|:443... connected.
HTTP request sent, awaiting response... 200 OK
Length: 40903378 (39M) [text/plain]
Saving to: ‘/otus1/pg2600.converter.log’

100%[===================================================================================================================================================================================================>] 40,903,378  2.28MB/s   in 9m 45s

2023-02-08 11:33:49 (68.3 KB/s) - ‘/otus1/pg2600.converter.log’ saved [40903378/40903378]

--2023-02-08 11:33:49--  https://gutenberg.org/cache/epub/2600/pg2600.converter.log
Resolving gutenberg.org (gutenberg.org)... 152.19.134.47, 2610:28:3090:3000:0:bad:cafe:47
Connecting to gutenberg.org (gutenberg.org)|152.19.134.47|:443... connected.
HTTP request sent, awaiting response... 200 OK
Length: 40903378 (39M) [text/plain]
Saving to: ‘/otus2/pg2600.converter.log’

100%[===================================================================================================================================================================================================>] 40,903,378  6.81MB/s   in 8.6s

2023-02-08 11:33:59 (4.52 MB/s) - ‘/otus2/pg2600.converter.log’ saved [40903378/40903378]

--2023-02-08 11:33:59--  https://gutenberg.org/cache/epub/2600/pg2600.converter.log
Resolving gutenberg.org (gutenberg.org)... 152.19.134.47, 2610:28:3090:3000:0:bad:cafe:47
Connecting to gutenberg.org (gutenberg.org)|152.19.134.47|:443... connected.
HTTP request sent, awaiting response... 200 OK
Length: 40903378 (39M) [text/plain]
Saving to: ‘/otus3/pg2600.converter.log’

100%[===================================================================================================================================================================================================>] 40,903,378  4.29MB/s   in 9.9s

2023-02-08 11:34:09 (3.94 MB/s) - ‘/otus3/pg2600.converter.log’ saved [40903378/40903378]

--2023-02-08 11:34:09--  https://gutenberg.org/cache/epub/2600/pg2600.converter.log
Resolving gutenberg.org (gutenberg.org)... 152.19.134.47, 2610:28:3090:3000:0:bad:cafe:47
Connecting to gutenberg.org (gutenberg.org)|152.19.134.47|:443... connected.
HTTP request sent, awaiting response... 200 OK
Length: 40903378 (39M) [text/plain]
Saving to: ‘/otus4/pg2600.converter.log’

100%[===================================================================================================================================================================================================>] 40,903,378  5.85MB/s   in 8.2s

2023-02-08 11:34:18 (4.73 MB/s) - ‘/otus4/pg2600.converter.log’ saved [40903378/40903378]

[root@zfs ~]# ls -l /otus*
/otus1:
total 22045
-rw-r--r--. 1 root root 40903378 Feb  2 09:17 pg2600.converter.log

/otus2:
total 17983
-rw-r--r--. 1 root root 40903378 Feb  2 09:17 pg2600.converter.log

/otus3:
total 10954
-rw-r--r--. 1 root root 40903378 Feb  2 09:17 pg2600.converter.log

/otus4:
total 39972
-rw-r--r--. 1 root root 40903378 Feb  2 09:17 pg2600.converter.log
[root@zfs ~]# zfs list
NAME    USED  AVAIL     REFER  MOUNTPOINT
otus1  21.8M   330M     21.6M  /otus1
otus2  17.7M   334M     17.6M  /otus2
otus3  10.8M   341M     10.7M  /otus3
otus4  39.1M   313M     39.1M  /otus4
[root@zfs ~]# zfs get all | grep compressratio | grep -v ref
otus1  compressratio         1.81x                  -
otus2  compressratio         2.22x                  -
otus3  compressratio         3.65x                  -
otus4  compressratio         1.00x                  -
[root@zfs ~]#

[root@zfs ~]# wget -O archive.tar.gz --no-check-certificate 'https://drive.google.com/u/0/uc?id=1KRBNW33QWqbvbVHa3hLJivOAt60yukkg'
--2023-02-12 18:33:17--  https://drive.google.com/u/0/uc?id=1KRBNW33QWqbvbVHa3hLJivOAt60yukkg
Resolving drive.google.com (drive.google.com)... 142.251.1.139, 142.251.1.102, 142.251.1.100, ...
Connecting to drive.google.com (drive.google.com)|142.251.1.139|:443... connected.
HTTP request sent, awaiting response... 302 Found
Location: https://drive.google.com/uc?id=1KRBNW33QWqbvbVHa3hLJivOAt60yukkg [following]
--2023-02-12 18:33:17--  https://drive.google.com/uc?id=1KRBNW33QWqbvbVHa3hLJivOAt60yukkg
Reusing existing connection to drive.google.com:443.
HTTP request sent, awaiting response... 303 See Other
Location: https://doc-0c-bo-docs.googleusercontent.com/docs/securesc/ha0ro937gcuc7l7deffksulhg5h7mbp1/roh7r79n80e3nj9frujl59vei16mq0vh/1676226750000/16189157874053420687/*/1KRBNW33QWqbvbVHa3hLJivOAt60yukkg?uuid=add52701-2af6-4932-abfb-64808c876613 [following]
Warning: wildcards not supported in HTTP.
--2023-02-12 18:33:27--  https://doc-0c-bo-docs.googleusercontent.com/docs/securesc/ha0ro937gcuc7l7deffksulhg5h7mbp1/roh7r79n80e3nj9frujl59vei16mq0vh/1676226750000/16189157874053420687/*/1KRBNW33QWqbvbVHa3hLJivOAt60yukkg?uuid=add52701-2af6-4932-abfb-64808c876613
Resolving doc-0c-bo-docs.googleusercontent.com (doc-0c-bo-docs.googleusercontent.com)... 64.233.162.132, 2a00:1450:4010:c05::84
Connecting to doc-0c-bo-docs.googleusercontent.com (doc-0c-bo-docs.googleusercontent.com)|64.233.162.132|:443... connected.
HTTP request sent, awaiting response... 200 OK
Length: 7275140 (6.9M) [application/x-gzip]
Saving to: ‘archive.tar.gz’

100%[======================================>] 7,275,140   2.55MB/s   in 2.7s

2023-02-12 18:33:31 (2.55 MB/s) - ‘archive.tar.gz’ saved [7275140/7275140]

[root@zfs ~]# tar -xzvf archive.tar.gz
zpoolexport/
zpoolexport/filea
zpoolexport/fileb
[root@zfs ~]# zpool import -d zpoolexport/
   pool: otus
     id: 6554193320433390805
  state: ONLINE
 action: The pool can be imported using its name or numeric identifier.
 config:

        otus                         ONLINE
          mirror-0                   ONLINE
            /root/zpoolexport/filea  ONLINE
            /root/zpoolexport/fileb  ONLINE
[root@zfs ~]#
[root@zfs ~]# zpool import -d zpoolexport/ otus
[root@zfs ~]# zpool status
  pool: otus
 state: ONLINE
  scan: none requested
config:

        NAME                         STATE     READ WRITE CKSUM
        otus                         ONLINE       0     0     0
          mirror-0                   ONLINE       0     0     0
            /root/zpoolexport/filea  ONLINE       0     0     0
            /root/zpoolexport/fileb  ONLINE       0     0     0

errors: No known data errors

  pool: otus1
 state: ONLINE
  scan: none requested
config:

        NAME        STATE     READ WRITE CKSUM
        otus1       ONLINE       0     0     0
          mirror-0  ONLINE       0     0     0
            sdb     ONLINE       0     0     0
            sdc     ONLINE       0     0     0

errors: No known data errors

  pool: otus2
 state: ONLINE
  scan: none requested
config:

        NAME        STATE     READ WRITE CKSUM
        otus2       ONLINE       0     0     0
          mirror-0  ONLINE       0     0     0
            sdd     ONLINE       0     0     0
            sde     ONLINE       0     0     0

errors: No known data errors

  pool: otus3
 state: ONLINE
  scan: none requested
config:

        NAME        STATE     READ WRITE CKSUM
        otus3       ONLINE       0     0     0
          mirror-0  ONLINE       0     0     0
            sdf     ONLINE       0     0     0
            sdg     ONLINE       0     0     0

errors: No known data errors

  pool: otus4
 state: ONLINE
  scan: none requested
config:

        NAME        STATE     READ WRITE CKSUM
        otus4       ONLINE       0     0     0
          mirror-0  ONLINE       0     0     0
            sdh     ONLINE       0     0     0
            sdi     ONLINE       0     0     0

errors: No known data errors
[root@zfs ~]#
[root@zfs ~]# zfs get all otus
NAME  PROPERTY              VALUE                  SOURCE
otus  type                  filesystem             -
otus  creation              Fri May 15  4:00 2020  -
otus  used                  2.04M                  -
otus  available             350M                   -
otus  referenced            24K                    -
otus  compressratio         1.00x                  -
otus  mounted               yes                    -
otus  quota                 none                   default
otus  reservation           none                   default
otus  recordsize            128K                   local
otus  mountpoint            /otus                  default
otus  sharenfs              off                    default
otus  checksum              sha256                 local
otus  compression           zle                    local
otus  atime                 on                     default
otus  devices               on                     default
otus  exec                  on                     default
otus  setuid                on                     default
otus  readonly              off                    default
otus  zoned                 off                    default
otus  snapdir               hidden                 default
otus  aclinherit            restricted             default
otus  createtxg             1                      -
otus  canmount              on                     default
otus  xattr                 on                     default
otus  copies                1                      default
otus  version               5                      -
otus  utf8only              off                    -
otus  normalization         none                   -
otus  casesensitivity       sensitive              -
otus  vscan                 off                    default
otus  nbmand                off                    default
otus  sharesmb              off                    default
otus  refquota              none                   default
otus  refreservation        none                   default
otus  guid                  14592242904030363272   -
otus  primarycache          all                    default
otus  secondarycache        all                    default
otus  usedbysnapshots       0B                     -
otus  usedbydataset         24K                    -
otus  usedbychildren        2.01M                  -
otus  usedbyrefreservation  0B                     -
otus  logbias               latency                default
otus  objsetid              54                     -
otus  dedup                 off                    default
otus  mlslabel              none                   default
otus  sync                  standard               default
otus  dnodesize             legacy                 default
otus  refcompressratio      1.00x                  -
otus  written               24K                    -
otus  logicalused           1020K                  -
otus  logicalreferenced     12K                    -
otus  volmode               default                default
otus  filesystem_limit      none                   default
otus  snapshot_limit        none                   default
otus  filesystem_count      none                   default
otus  snapshot_count        none                   default
otus  snapdev               hidden                 default
otus  acltype               off                    default
otus  context               none                   default
otus  fscontext             none                   default
otus  defcontext            none                   default
otus  rootcontext           none                   default
otus  relatime              off                    default
otus  redundant_metadata    all                    default
otus  overlay               off                    default
otus  encryption            off                    default
otus  keylocation           none                   default
otus  keyformat             none                   default
otus  pbkdf2iters           0                      default
otus  special_small_blocks  0                      default
[root@zfs ~]#
[root@zfs ~]# zfs get available otus
NAME  PROPERTY   VALUE  SOURCE
otus  available  350M   -
[root@zfs ~]# zfs get readonly otus
NAME  PROPERTY  VALUE   SOURCE
otus  readonly  off     default
[root@zfs ~]# zfs get recordsize otus
NAME  PROPERTY    VALUE    SOURCE
otus  recordsize  128K     local

[root@zfs ~]# zfs get compression otus
NAME  PROPERTY     VALUE     SOURCE
otus  compression  zle       local
[root@zfs ~]# zfs get checksum otus
NAME  PROPERTY  VALUE      SOURCE
otus  checksum  sha256     local

3.	Работа со снапшотом, поиск сообщения от преподавателя

[root@zfs ~]# wget -O otus_task2.file --no-check-certificate 'https://drive.google.com/u/0/uc?id=1gH8gCL9y7Nd5Ti3IRmplZPF1XjzxeRAG&export=download'
--2023-02-12 18:43:59--  https://drive.google.com/u/0/uc?id=1gH8gCL9y7Nd5Ti3IRmplZPF1XjzxeRAG&export=download
Resolving drive.google.com (drive.google.com)... 142.251.1.101, 142.251.1.139, 142.251.1.102, ...
Connecting to drive.google.com (drive.google.com)|142.251.1.101|:443... connected.
HTTP request sent, awaiting response... 302 Found
Location: https://drive.google.com/uc?id=1gH8gCL9y7Nd5Ti3IRmplZPF1XjzxeRAG&export=download [following]
--2023-02-12 18:44:00--  https://drive.google.com/uc?id=1gH8gCL9y7Nd5Ti3IRmplZPF1XjzxeRAG&export=download
Reusing existing connection to drive.google.com:443.
HTTP request sent, awaiting response... 303 See Other
Location: https://doc-00-bo-docs.googleusercontent.com/docs/securesc/ha0ro937gcuc7l7deffksulhg5h7mbp1/ii35ir2kr2n5vd635qc4jga3dfj1g12a/1676227425000/16189157874053420687/*/1gH8gCL9y7Nd5Ti3IRmplZPF1XjzxeRAG?e=download&uuid=ccfdb9f3-14fa-4db4-8dec-c2ab83929ad9 [following]
Warning: wildcards not supported in HTTP.
--2023-02-12 18:44:03--  https://doc-00-bo-docs.googleusercontent.com/docs/securesc/ha0ro937gcuc7l7deffksulhg5h7mbp1/ii35ir2kr2n5vd635qc4jga3dfj1g12a/1676227425000/16189157874053420687/*/1gH8gCL9y7Nd5Ti3IRmplZPF1XjzxeRAG?e=download&uuid=ccfdb9f3-14fa-4db4-8dec-c2ab83929ad9
Resolving doc-00-bo-docs.googleusercontent.com (doc-00-bo-docs.googleusercontent.com)... 64.233.162.132, 2a00:1450:4010:c05::84
Connecting to doc-00-bo-docs.googleusercontent.com (doc-00-bo-docs.googleusercontent.com)|64.233.162.132|:443... connected.
HTTP request sent, awaiting response... 200 OK
Length: 5432736 (5.2M) [application/octet-stream]
Saving to: ‘otus_task2.file’

100%[===================================================================================================================>] 5,432,736   2.72MB/s   in 1.9s

2023-02-12 18:44:07 (2.72 MB/s) - ‘otus_task2.file’ saved [5432736/5432736]

[root@zfs ~]#
[root@zfs ~]# zfs receive otus/test@today < otus_task2.file

[root@zfs ~]# find /otus/test -name "secret_message"
/otus/test/task1/file_mess/secret_message
[root@zfs ~]# cat /otus/test/task1/file_mess/secret_message
https://github.com/sindresorhus/awesome
[root@zfs ~]#
